// FooType represents the Postgres composite type "foo_type".
type FooType struct {
	Alpha pgtype.Text `json:"alpha"`
}

// SomeTableNested represents the Postgres composite type "some_table_nested".
type SomeTableNested struct {
	Foo    FooType     `json:"foo"`
	BarBaz pgtype.Text `json:"bar_baz"`
}




	// codec_newFooType is a codec for the composite type of the same name
	func codec_newFooType(conn genericConn) (pgtype.Codec, error) {
		
		    field0, ok := conn.TypeMap().TypeForName("text")
			if !ok {
				return nil, fmt.Errorf("type not found: text")
			}
		
		
		return &pgtype.CompositeCodec{
			Fields: []pgtype.CompositeCodecField{
				
					{
						Name: "alpha",
						Type: field0,
					},
				
			},
		}, nil
	}

	func register_newFooType(
		ctx context.Context,
		conn genericConn,
	) error {
		t, err := conn.LoadType(
			ctx,
			"\"foo_type\"",
		)
		if err != nil {
			return fmt.Errorf("failed to load type for: %w", err)
		}
		
		conn.TypeMap().RegisterType(t)

		return nil
	}

	func init(){
		addHook(register_newFooType) 
	}
	

// newFooTypeRaw returns all composite fields for the Postgres composite
// type 'foo_type' as a slice of interface{} to encode query parameters.
func registernewFooTypeRaw(v FooType) []interface{} {
	return []interface{}{
		v.Alpha,
	}
}


	// codec_newSomeTableNested is a codec for the composite type of the same name
	func codec_newSomeTableNested(conn genericConn) (pgtype.Codec, error) {
		
		    field0, ok := conn.TypeMap().TypeForName("foo_type")
			if !ok {
				return nil, fmt.Errorf("type not found: foo_type")
			}
		
		    field1, ok := conn.TypeMap().TypeForName("text")
			if !ok {
				return nil, fmt.Errorf("type not found: text")
			}
		
		
		return &pgtype.CompositeCodec{
			Fields: []pgtype.CompositeCodecField{
				
					{
						Name: "foo",
						Type: field0,
					},
				
					{
						Name: "bar_baz",
						Type: field1,
					},
				
			},
		}, nil
	}

	func register_newSomeTableNested(
		ctx context.Context,
		conn genericConn,
	) error {
		t, err := conn.LoadType(
			ctx,
			"\"some_table_nested\"",
		)
		if err != nil {
			return fmt.Errorf("failed to load type for: %w", err)
		}
		
		conn.TypeMap().RegisterType(t)

		return nil
	}

	func init(){
		addHook(register_newSomeTableNested) 
	}
	

// newSomeTableNestedInit creates an initialized pgtype.ValueTranscoder for the
// Postgres composite type 'some_table_nested' to encode query parameters.
func registernewSomeTableNestedInit(v SomeTableNested) pgtype.Codec {
	return tr.setCodec(tr.newSomeTableNested(), tr.newSomeTableNestedRaw(v))
}

// newSomeTableNestedRaw returns all composite fields for the Postgres composite
// type 'some_table_nested' as a slice of interface{} to encode query parameters.
func registernewSomeTableNestedRaw(v SomeTableNested) []interface{} {
	return []interface{}{
		tr.newFooTypeRaw(v.Foo),
		v.BarBaz,
	}
}